// Jest Snapshot v1, https://goo.gl/fbAQLP

exports[`<FixedContainer /> renders properly 1`] = `
.c0 {
  max-width: 800px;
  margin: 0 auto;
  padding: 0 20px;
}

<body>
  <div>
    <section
      class="c0"
    >
      <main>
        John Doe
      </main>
    </section>
  </div>
</body>
`;
