// Jest Snapshot v1, https://goo.gl/fbAQLP

exports[`<ThemeSwitcher /> renders properly 1`] = `
.c0 {
  background: transparent;
  border: 2px solid;
  border-radius: 18px;
  height: 34px;
  width: 50px;
  padding: 0px;
  display: flex;
  justify-content: flex-end;
  transition: all 1s linear;
  margin: 0 20px;
  cursor: pointer;
}

.c0:focus {
  outline: none;
}

.c1 {
  height: 30px;
  width: 30px;
  border-radius: 20px;
  color: #fff;
  display: flex;
  justify-content: center;
  align-items: center;
}

<body>
  <div>
    <button
      aria-label="themeSwitcher.toggle"
      class="c0"
    >
      <div
        class="c1"
      >
        <svg
          fill="currentColor"
          height="1em"
          stroke="currentColor"
          stroke-width="0"
          viewBox="0 0 16 16"
          width="1em"
          xmlns="http://www.w3.org/2000/svg"
        >
          <path
            d="M8 11a3 3 0 1 1 0-6 3 3 0 0 1 0 6zm0 1a4 4 0 1 0 0-8 4 4 0 0 0 0 8zM8 0a.5.5 0 0 1 .5.5v2a.5.5 0 0 1-1 0v-2A.5.5 0 0 1 8 0zm0 13a.5.5 0 0 1 .5.5v2a.5.5 0 0 1-1 0v-2A.5.5 0 0 1 8 13zm8-5a.5.5 0 0 1-.5.5h-2a.5.5 0 0 1 0-1h2a.5.5 0 0 1 .5.5zM3 8a.5.5 0 0 1-.5.5h-2a.5.5 0 0 1 0-1h2A.5.5 0 0 1 3 8zm10.657-5.657a.5.5 0 0 1 0 .707l-1.414 1.415a.5.5 0 1 1-.707-.708l1.414-1.414a.5.5 0 0 1 .707 0zm-9.193 9.193a.5.5 0 0 1 0 .707L3.05 13.657a.5.5 0 0 1-.707-.707l1.414-1.414a.5.5 0 0 1 .707 0zm9.193 2.121a.5.5 0 0 1-.707 0l-1.414-1.414a.5.5 0 0 1 .707-.707l1.414 1.414a.5.5 0 0 1 0 .707zM4.464 4.465a.5.5 0 0 1-.707 0L2.343 3.05a.5.5 0 1 1 .707-.707l1.414 1.414a.5.5 0 0 1 0 .708z"
          />
        </svg>
      </div>
    </button>
  </div>
</body>
`;
