// Jest Snapshot v1, https://goo.gl/fbAQLP

exports[`<YoutubeVideo /> renders properly 1`] = `
.c0 {
  position: relative;
  padding-bottom: 56.25%;
  padding-top: 30px;
  height: 0;
  overflow: hidden;
  margin-top: 20px;
}

.c0 iframe,
.c0 object,
.c0 embed {
  position: absolute;
  top: 0;
  left: 0;
  width: 100%;
  height: 100%;
}

<body>
  <div>
    <div
      class="c0"
    >
      <iframe
        allow="accelerometer; autoplay; clipboard-write; encrypted-media; gyroscope; picture-in-picture"
        allowfullscreen=""
        data-testid="youtube-player"
        frameborder="0"
        height="315"
        src="https://www.youtube.com/embed/John Doe"
        title="YouTube video player"
        width="560"
      />
    </div>
  </div>
</body>
`;
