// Jest Snapshot v1, https://goo.gl/fbAQLP

exports[`<AboutMe /> do not render bio and socialLinks if not defined 1`] = `
.c0 {
  max-width: 960px;
  margin: 0 auto;
  padding: 0 20px;
}

<body>
  <div>
    <section
      class="c0"
    />
  </div>
</body>
`;

exports[`<AboutMe /> renders properly 1`] = `
.c0 {
  max-width: 960px;
  margin: 0 auto;
  padding: 0 20px;
}

.c1 {
  font-size: 20px;
  line-height: 1.4;
}

.c2 {
  margin: 0;
  padding: 0;
}

.c3 {
  list-style: none;
  font-size: 22px;
  font-weight: 700;
  margin: 0 24px 5px 0;
}

.c4 {
  text-decoration: none;
  display: flex;
  padding: 0;
  text-transform: uppercase;
}

.c4:after {
  content: '.';
  display: block;
  font-size: 38px;
  line-height: 0.5;
}

@media (min-width: 760px) {
  .c1 {
    font-size: 24px;
  }
}

@media (min-width: 760px) {
  .c2 {
    display: flex;
  }
}

@media (min-width: 760px) {
  .c3 {
    margin: 0 24px 0 0;
  }
}

@media (min-width: 760px) {
  .c4:after {
    line-height: 0.4;
  }
}

<body>
  <div>
    <section
      class="c0"
    >
      <p
        class="c1"
        data-testid="about-me-bio"
      >
        my own bio
      </p>
      <ul
        class="c2"
        data-testid="about-me-sociallinks"
      >
        <li
          class="c3"
          data-testid="about-me-sociallinks-item"
        >
          <a
            class="c4"
            href="https://github.com/diegocoxta"
            rel="me"
            target="_blank"
          >
            Github
          </a>
        </li>
        <li
          class="c3"
          data-testid="about-me-sociallinks-item"
        >
          <a
            class="c4"
            href="https://linkedin.com/in/diegocoxta"
            rel="me"
            target="_blank"
          >
            Linkedin
          </a>
        </li>
      </ul>
    </section>
  </div>
</body>
`;
