// Jest Snapshot v1, https://goo.gl/fbAQLP

exports[`<LinkCard /> renders properly 1`] = `
.c0 {
  border-radius: 30px;
  margin: 16px 0;
  display: block;
  text-decoration: none;
  cursor: pointer;
  transition: all 0.5s;
}

.c0:hover {
  transform: scale(1.05);
}

.c1 {
  display: flex;
  padding: 10px 16px;
  color: #fff;
  font-weight: bold;
  justify-content: space-between;
  align-items: center;
  line-height: 1;
}

.c2 {
  display: flex;
  align-items: center;
}

.c3 {
  font-size: 11px;
  font-weight: 300;
  margin: 0 10px;
}

.c4 {
  padding: 10px 16px 16px;
  font-size: 16px;
  line-height: 1.4;
  border-radius: 0 0 30px 30px;
}

.c4 p {
  margin: 0;
  display: inline;
}

.c4 span {
  font-size: 14px;
  display: block;
  margin-top: 10px;
}

<body>
  <div>
    <a
      class="c0"
      href="https://google.com"
      target="_blank"
    >
      <div
        class="c1"
      >
        <div
          class="c2"
        >
           
          Google Inc.
          <span
            class="c3"
          >
            google.com
          </span>
        </div>
        <svg
          fill="currentColor"
          height="1em"
          stroke="currentColor"
          stroke-width="0"
          viewBox="0 0 512 512"
          width="1em"
          xmlns="http://www.w3.org/2000/svg"
        >
          <path
            d="M405.34 405.332H106.66V106.668H240V64H106.66C83.191 64 64 83.197 64 106.668v298.664C64 428.803 83.191 448 106.66 448h298.68c23.469 0 42.66-19.197 42.66-42.668V272h-42.66v133.332zM288 64v42.668h87.474L159.999 322.133l29.866 29.866 215.476-215.47V224H448V64H288z"
          />
        </svg>
      </div>
      <div
        class="c4"
        data-testid="linkcard-card-content"
      >
        Hello World
      </div>
    </a>
  </div>
</body>
`;
